Archive member included to satisfy reference by file (symbol)

d:/atmel/studio/7.0/toolchain/avr8/avr8-gnu-toolchain/bin/../lib/gcc/avr/4.9.2/avrxmega7\libgcc.a(_udivmodsi4.o)
                              src/ASF/xmega/drivers/spi/spi.o (__udivmodsi4)
d:/atmel/studio/7.0/toolchain/avr8/avr8-gnu-toolchain/bin/../lib/gcc/avr/4.9.2/avrxmega7\libgcc.a(_exit.o)
                              D:/Atmel/Studio/7.0/Packs/atmel/XMEGAA_DFP/1.0.39/gcc/dev/atxmega128a1u/avrxmega7/crtatxmega128a1u.o (exit)
d:/atmel/studio/7.0/toolchain/avr8/avr8-gnu-toolchain/bin/../lib/gcc/avr/4.9.2/avrxmega7\libgcc.a(_copy_data.o)
                              src/ASF/common/services/gfx_mono/gfx_mono_menu.o (__do_copy_data)
d:/atmel/studio/7.0/toolchain/avr8/avr8-gnu-toolchain/bin/../lib/gcc/avr/4.9.2/avrxmega7\libgcc.a(_clear_bss.o)
                              src/ASF/common/services/gfx_mono/gfx_mono_menu.o (__do_clear_bss)
d:/atmel/studio/7.0/toolchain/avr8/avr8-gnu-toolchain/bin/../lib/gcc/avr/4.9.2/../../../../avr/lib/avrxmega7\libc.a(memcpy.o)
                              src/ASF/xmega/drivers/nvm/nvm.o (memcpy)
d:/atmel/studio/7.0/toolchain/avr8/avr8-gnu-toolchain/bin/../lib/gcc/avr/4.9.2/../../../../avr/lib/avrxmega7\libc.a(snprintf.o)
                              src/ASF/common/services/gfx_mono/gfx_mono_spinctrl.o (snprintf)
d:/atmel/studio/7.0/toolchain/avr8/avr8-gnu-toolchain/bin/../lib/gcc/avr/4.9.2/../../../../avr/lib/avrxmega7\libc.a(sprintf.o)
                              src/example1.o (sprintf)
d:/atmel/studio/7.0/toolchain/avr8/avr8-gnu-toolchain/bin/../lib/gcc/avr/4.9.2/../../../../avr/lib/avrxmega7\libc.a(vfprintf_std.o)
                              d:/atmel/studio/7.0/toolchain/avr8/avr8-gnu-toolchain/bin/../lib/gcc/avr/4.9.2/../../../../avr/lib/avrxmega7\libc.a(snprintf.o) (vfprintf)
d:/atmel/studio/7.0/toolchain/avr8/avr8-gnu-toolchain/bin/../lib/gcc/avr/4.9.2/../../../../avr/lib/avrxmega7\libc.a(strnlen_P.o)
                              d:/atmel/studio/7.0/toolchain/avr8/avr8-gnu-toolchain/bin/../lib/gcc/avr/4.9.2/../../../../avr/lib/avrxmega7\libc.a(vfprintf_std.o) (strnlen_P)
d:/atmel/studio/7.0/toolchain/avr8/avr8-gnu-toolchain/bin/../lib/gcc/avr/4.9.2/../../../../avr/lib/avrxmega7\libc.a(strnlen.o)
                              d:/atmel/studio/7.0/toolchain/avr8/avr8-gnu-toolchain/bin/../lib/gcc/avr/4.9.2/../../../../avr/lib/avrxmega7\libc.a(vfprintf_std.o) (strnlen)
d:/atmel/studio/7.0/toolchain/avr8/avr8-gnu-toolchain/bin/../lib/gcc/avr/4.9.2/../../../../avr/lib/avrxmega7\libc.a(fputc.o)
                              d:/atmel/studio/7.0/toolchain/avr8/avr8-gnu-toolchain/bin/../lib/gcc/avr/4.9.2/../../../../avr/lib/avrxmega7\libc.a(vfprintf_std.o) (fputc)
d:/atmel/studio/7.0/toolchain/avr8/avr8-gnu-toolchain/bin/../lib/gcc/avr/4.9.2/../../../../avr/lib/avrxmega7\libc.a(ultoa_invert.o)
                              d:/atmel/studio/7.0/toolchain/avr8/avr8-gnu-toolchain/bin/../lib/gcc/avr/4.9.2/../../../../avr/lib/avrxmega7\libc.a(vfprintf_std.o) (__ultoa_invert)

Discarded input sections

 .data          0x00000000        0x0 D:/Atmel/Studio/7.0/Packs/atmel/XMEGAA_DFP/1.0.39/gcc/dev/atxmega128a1u/avrxmega7/crtatxmega128a1u.o
 .bss           0x00000000        0x0 D:/Atmel/Studio/7.0/Packs/atmel/XMEGAA_DFP/1.0.39/gcc/dev/atxmega128a1u/avrxmega7/crtatxmega128a1u.o
 .group         0x00000000        0x8 src/ASF/common/services/gfx_mono/gfx_mono_menu.o
 .group         0x00000000        0x8 src/ASF/common/services/gfx_mono/gfx_mono_menu.o
 .group         0x00000000        0x8 src/ASF/common/services/gfx_mono/gfx_mono_menu.o
 .group         0x00000000        0x8 src/ASF/common/services/gfx_mono/gfx_mono_menu.o
 .group         0x00000000        0x8 src/ASF/common/services/gfx_mono/gfx_mono_menu.o
 .group         0x00000000        0x8 src/ASF/common/services/gfx_mono/gfx_mono_menu.o
 .group         0x00000000        0x8 src/ASF/common/services/gfx_mono/gfx_mono_menu.o
 .group         0x00000000        0x8 src/ASF/common/services/gfx_mono/gfx_mono_menu.o
 .group         0x00000000        0x8 src/ASF/common/services/gfx_mono/gfx_mono_menu.o
 .group         0x00000000        0x8 src/ASF/common/services/gfx_mono/gfx_mono_menu.o
 .group         0x00000000        0x8 src/ASF/common/services/gfx_mono/gfx_mono_menu.o
 .group         0x00000000        0x8 src/ASF/common/services/gfx_mono/gfx_mono_menu.o
 .group         0x00000000        0x8 src/ASF/common/services/gfx_mono/gfx_mono_menu.o
 .group         0x00000000        0x8 src/ASF/common/services/gfx_mono/gfx_mono_menu.o
 .group         0x00000000        0x8 src/ASF/common/services/gfx_mono/gfx_mono_menu.o
 .group         0x00000000        0x8 src/ASF/common/services/gfx_mono/gfx_mono_menu.o
 .group         0x00000000        0x8 src/ASF/common/services/gfx_mono/gfx_mono_menu.o
 .group         0x00000000        0x8 src/ASF/common/services/gfx_mono/gfx_mono_menu.o
 .group         0x00000000        0x8 src/ASF/common/services/gfx_mono/gfx_mono_menu.o
[...]
Memory Configuration

Name             Origin             Length             Attributes
text             0x00000000         0x00100000         xr
data             0x00802000         0x0000ffa0         rw !x
eeprom           0x00810000         0x00010000         rw !x
fuse             0x00820000         0x00000400         rw !x
lock             0x00830000         0x00000400         rw !x
signature        0x00840000         0x00000400         rw !x
user_signatures  0x00850000         0x00000400         rw !x
*default*        0x00000000         0xffffffff

Linker script and memory map

LOAD D:/Atmel/Studio/7.0/Packs/atmel/XMEGAA_DFP/1.0.39/gcc/dev/atxmega128a1u/avrxmega7/crtatxmega128a1u.o
LOAD src/ASF/common/services/gfx_mono/gfx_mono_menu.o
LOAD src/ASF/common/services/gfx_mono/gfx_mono_spinctrl.o
LOAD src/ASF/common/services/gfx_mono/gfx_mono_text.o
LOAD src/ASF/common/services/gfx_mono/sysfont.o
LOAD src/ASF/common/components/display/ssd1306/font.o
LOAD src/ASF/common/components/display/ssd1306/ssd1306.o
LOAD src/ASF/common/services/clock/xmega/sysclk.o
LOAD src/ASF/common/services/gfx_mono/gfx_mono_framebuffer.o
LOAD src/ASF/common/services/gfx_mono/gfx_mono_generic.o
LOAD src/ASF/common/services/gfx_mono/gfx_mono_ug_2832hsweg04.o
LOAD src/ASF/common/services/ioport/xmega/ioport_compat.o
LOAD src/ASF/common/services/spi/xmega_spi/spi_master.o
LOAD src/ASF/xmega/boards/xmega_a1u_xplained_pro/board_init.o
LOAD src/ASF/xmega/drivers/cpu/ccp.o
LOAD src/ASF/xmega/drivers/nvm/nvm.o
LOAD src/ASF/xmega/drivers/nvm/nvm_asm.o
LOAD src/ASF/xmega/drivers/spi/spi.o
LOAD src/example1.o
START GROUP
LOAD d:/atmel/studio/7.0/toolchain/avr8/avr8-gnu-toolchain/bin/../lib/gcc/avr/4.9.2/../../../../avr/lib/avrxmega7\libm.a
END GROUP
Address of section .BOOT set to 0x20000
START GROUP
LOAD d:/atmel/studio/7.0/toolchain/avr8/avr8-gnu-toolchain/bin/../lib/gcc/avr/4.9.2/avrxmega7\libgcc.a
LOAD d:/atmel/studio/7.0/toolchain/avr8/avr8-gnu-toolchain/bin/../lib/gcc/avr/4.9.2/../../../../avr/lib/avrxmega7\libm.a
LOAD d:/atmel/studio/7.0/toolchain/avr8/avr8-gnu-toolchain/bin/../lib/gcc/avr/4.9.2/../../../../avr/lib/avrxmega7\libc.a
LOAD D:/Atmel/Studio/7.0/Packs/atmel/XMEGAA_DFP/1.0.39/gcc/dev/atxmega128a1u/avrxmega7\libatxmega128a1u.a
END GROUP
                0x00100000                __TEXT_REGION_LENGTH__ = DEFINED (__TEXT_REGION_LENGTH__)?__TEXT_REGION_LENGTH__:0x100000
                0x0000ffa0                __DATA_REGION_LENGTH__ = DEFINED (__DATA_REGION_LENGTH__)?__DATA_REGION_LENGTH__:0xffa0
                0x00010000                __EEPROM_REGION_LENGTH__ = DEFINED (__EEPROM_REGION_LENGTH__)?__EEPROM_REGION_LENGTH__:0x10000
                0x00000400                __FUSE_REGION_LENGTH__ = DEFINED (__FUSE_REGION_LENGTH__)?__FUSE_REGION_LENGTH__:0x400
                0x00000400                __LOCK_REGION_LENGTH__ = DEFINED (__LOCK_REGION_LENGTH__)?__LOCK_REGION_LENGTH__:0x400
                0x00000400                __SIGNATURE_REGION_LENGTH__ = DEFINED (__SIGNATURE_REGION_LENGTH__)?__SIGNATURE_REGION_LENGTH__:0x400
                0x00000400                __USER_SIGNATURE_REGION_LENGTH__ = DEFINED (__USER_SIGNATURE_REGION_LENGTH__)?__USER_SIGNATURE_REGION_LENGTH__:0x400

.hash
 *(.hash)

.dynsym
 *(.dynsym)

.dynstr
 *(.dynstr)

.gnu.version
 *(.gnu.version)

.gnu.version_d
 *(.gnu.version_d)

.gnu.version_r
 *(.gnu.version_r)

.rel.init
 *(.rel.init)

.rela.init
 *(.rela.init)

.rel.text
 *(.rel.text)
 *(.rel.text.*)
 *(.rel.gnu.linkonce.t*)

.rela.text
 *(.rela.text)
 *(.rela.text.*)
 *(.rela.gnu.linkonce.t*)

.rel.fini
 *(.rel.fini)

.rela.fini
 *(.rela.fini)

.rel.rodata
 *(.rel.rodata)
 *(.rel.rodata.*)
 *(.rel.gnu.linkonce.r*)

.rela.rodata
 *(.rela.rodata)
 *(.rela.rodata.*)
 *(.rela.gnu.linkonce.r*)

.rel.data
 *(.rel.data)
 *(.rel.data.*)
 *(.rel.gnu.linkonce.d*)

.rela.data
 *(.rela.data)
 *(.rela.data.*)
 *(.rela.gnu.linkonce.d*)

.rel.ctors
 *(.rel.ctors)

.rela.ctors
 *(.rela.ctors)

.rel.dtors
 *(.rel.dtors)

.rela.dtors
 *(.rela.dtors)

.rel.got
 *(.rel.got)

.rela.got
 *(.rela.got)

.rel.bss
 *(.rel.bss)

.rela.bss
 *(.rela.bss)

.rel.plt
 *(.rel.plt)

.rela.plt
 *(.rela.plt)

.text           0x00000000     0x1f8a
 *(.vectors)
 .vectors       0x00000000      0x1fc D:/Atmel/Studio/7.0/Packs/atmel/XMEGAA_DFP/1.0.39/gcc/dev/atxmega128a1u/avrxmega7/crtatxmega128a1u.o
                0x00000000                __vector_default
                0x00000000                __vectors
 *(.vectors)
 *(.progmem.gcc*)
                0x000001fc                . = ALIGN (0x2)
                0x000001fc                __trampolines_start = .
 *(.trampolines)
 .trampolines   0x000001fc        0x0 linker stubs
 *(.trampolines*)
                0x000001fc                __trampolines_end = .
 *libprintf_flt.a:*(.progmem.data)
 *libc.a:*(.progmem.data)
 *(.progmem*)
 .progmem.data.indicator_data
                0x000001fc        0x4 src/ASF/common/services/gfx_mono/gfx_mono_spinctrl.o
                0x000001fc                indicator_data
 .progmem.data.spin_indicator_data
                0x00000200        0x4 src/ASF/common/services/gfx_mono/gfx_mono_spinctrl.o
                0x00000200                spin_indicator_data
 .progmem.data.sysfont_glyphs
                0x00000204      0x292 src/ASF/common/services/gfx_mono/sysfont.o
 .progmem.data.spinner_choice4
                0x00000496        0x9 src/example1.o
                0x00000496                spinner_choice4
 .progmem.data.spinner_choice3
                0x0000049f        0x9 src/example1.o
                0x0000049f                spinner_choice3
 .progmem.data.spinner_choice2
                0x000004a8        0x9 src/example1.o
                0x000004a8                spinner_choice2
 .progmem.data.spinner_choice1
                0x000004b1        0x7 src/example1.o
                0x000004b1                spinner_choice1
 .progmem.data.spinnertitle3
                0x000004b8        0xa src/example1.o
                0x000004b8                spinnertitle3
 .progmem.data.spinnertitle2
                0x000004c2        0x9 src/example1.o
                0x000004c2                spinnertitle2
 .progmem.data.spinnertitle
                0x000004cb        0x9 src/example1.o
                0x000004cb                spinnertitle
                0x000004d4                . = ALIGN (0x2)
 *(.jumptables)
 *(.jumptables*)
 *(.lowtext)
 *(.lowtext*)
                0x000004d4                __ctors_start = .
 *(.ctors)
                0x000004d4                __ctors_end = .
                0x000004d4                __dtors_start = .
 *(.dtors)
                0x000004d4                __dtors_end = .
 SORT(*)(.ctors)
 SORT(*)(.dtors)
 *(.init0)
 .init0         0x000004d4        0x0 D:/Atmel/Studio/7.0/Packs/atmel/XMEGAA_DFP/1.0.39/gcc/dev/atxmega128a1u/avrxmega7/crtatxmega128a1u.o
                0x000004d4                __init
 *(.init0)
 *(.init1)
 *(.init1)
 *(.init2)
 .init2         0x000004d4       0x18 D:/Atmel/Studio/7.0/Packs/atmel/XMEGAA_DFP/1.0.39/gcc/dev/atxmega128a1u/avrxmega7/crtatxmega128a1u.o
 *(.init2)
 *(.init3)
 *(.init3)
 *(.init4)
 .init4         0x000004ec       0x1c d:/atmel/studio/7.0/toolchain/avr8/avr8-gnu-toolchain/bin/../lib/gcc/avr/4.9.2/avrxmega7\libgcc.a(_copy_data.o)
                0x000004ec                __do_copy_data
 .init4         0x00000508       0x10 d:/atmel/studio/7.0/toolchain/avr8/avr8-gnu-toolchain/bin/../lib/gcc/avr/4.9.2/avrxmega7\libgcc.a(_clear_bss.o)
                0x00000508                __do_clear_bss
 *(.init4)
 *(.init5)
 *(.init5)
 *(.init6)
 *(.init6)
 *(.init7)
 *(.init7)
 *(.init8)
 *(.init8)
 *(.init9)
 .init9         0x00000518        0x8 D:/Atmel/Studio/7.0/Packs/atmel/XMEGAA_DFP/1.0.39/gcc/dev/atxmega128a1u/avrxmega7/crtatxmega128a1u.o
 *(.init9)
 *(.text)
 .text          0x00000520        0x2 D:/Atmel/Studio/7.0/Packs/atmel/XMEGAA_DFP/1.0.39/gcc/dev/atxmega128a1u/avrxmega7/crtatxmega128a1u.o
                0x00000520                __vector_38
                0x00000520                __vector_104
                0x00000520                __vector_22
                0x00000520                __vector_63
                0x00000520                __vector_28
                0x00000520                __vector_1
                0x00000520                __vector_119
                0x00000520                __vector_32
                0x00000520                __vector_75
                0x00000520                __vector_71
                0x00000520                __vector_91
                0x00000520                __vector_34
                0x00000520                __vector_62
                0x00000520                __vector_77
                0x00000520                __vector_102
                0x00000520                __vector_24
                0x00000520                __vector_12
                0x00000520                __vector_55
                0x00000520                __vector_69
                0x00000520                __vector_81
                0x00000520                __vector_90
                0x00000520                __vector_46
                0x00000520                __bad_interrupt
                0x00000520                __vector_122
                0x00000520                __vector_72
                0x00000520                __vector_114
                0x00000520                __vector_6
                0x00000520                __vector_110
                0x00000520                __vector_31
                0x00000520                __vector_92
                0x00000520                __vector_35
                0x00000520                __vector_78
                0x00000520                __vector_74
                0x00000520                __vector_117
                0x00000520                __vector_39
                0x00000520                __vector_107
                0x00000520                __vector_3
                0x00000520                __vector_105
                0x00000520                __vector_98
                0x00000520                __vector_23
                0x00000520                __vector_68
                0x00000520                __vector_30
                0x00000520                __vector_73
                0x00000520                __vector_45
                0x00000520                __vector_25
                0x00000520                __vector_93
                0x00000520                __vector_61
                0x00000520                __vector_11
                0x00000520                __vector_54
                0x00000520                __vector_99
                0x00000520                __vector_13
                0x00000520                __vector_17
                0x00000520                __vector_19
                0x00000520                __vector_56
                0x00000520                __vector_7
                0x00000520                __vector_125
                0x00000520                __vector_49
                0x00000520                __vector_123
                0x00000520                __vector_41
                0x00000520                __vector_86
                0x00000520                __vector_101
                0x00000520                __vector_64
                0x00000520                __vector_88
                0x00000520                __vector_109
                0x00000520                __vector_43
                0x00000520                __vector_27
                0x00000520                __vector_5
                0x00000520                __vector_113
                0x00000520                __vector_33
                0x00000520                __vector_76
                0x00000520                __vector_115
                0x00000520                __vector_47
                0x00000520                __vector_52
                0x00000520                __vector_37
                0x00000520                __vector_95
                0x00000520                __vector_103
                0x00000520                __vector_96
                0x00000520                __vector_89
                0x00000520                __vector_108
                0x00000520                __vector_4
                0x00000520                __vector_44
                0x00000520                __vector_82
                0x00000520                __vector_106
                0x00000520                __vector_118
                0x00000520                __vector_51
                0x00000520                __vector_9
                0x00000520                __vector_2
                0x00000520                __vector_21
                0x00000520                __vector_15
                0x00000520                __vector_36
                0x00000520                __vector_79
                0x00000520                __vector_58
                0x00000520                __vector_70
                0x00000520                __vector_83
                0x00000520                __vector_29
                0x00000520                __vector_60
                0x00000520                __vector_121
                0x00000520                __vector_40
                0x00000520                __vector_85
                0x00000520                __vector_94
                0x00000520                __vector_126
                0x00000520                __vector_8
                0x00000520                __vector_26
                0x00000520                __vector_48
                0x00000520                __vector_124
                0x00000520                __vector_116
                0x00000520                __vector_112
                0x00000520                __vector_111
                0x00000520                __vector_80
                0x00000520                __vector_14
                0x00000520                __vector_84
                0x00000520                __vector_57
                0x00000520                __vector_53
                0x00000520                __vector_10
                0x00000520                __vector_50
                0x00000520                __vector_16
                0x00000520                __vector_59
                0x00000520                __vector_18
                0x00000520                __vector_97
                0x00000520                __vector_20
                0x00000520                __vector_42
                0x00000520                __vector_87
                0x00000520                __vector_65
                0x00000520                __vector_120
                0x00000522                . = ALIGN (0x2)
 *(.text.*)
 .text.gfx_mono_spinctrl_draw_indicator
                0x00000522       0x26 src/ASF/common/services/gfx_mono/gfx_mono_spinctrl.o
 .text.gfx_mono_spinctrl_draw_button
                0x00000548       0xba src/ASF/common/services/gfx_mono/gfx_mono_spinctrl.o
 .text.gfx_mono_spinctrl_draw
                0x00000602      0x11a src/ASF/common/services/gfx_mono/gfx_mono_spinctrl.o
                0x00000602                gfx_mono_spinctrl_draw
 .text.gfx_mono_spinctrl_init
                0x0000071c       0x3e src/ASF/common/services/gfx_mono/gfx_mono_spinctrl.o
                0x0000071c                gfx_mono_spinctrl_init
 .text.gfx_mono_spinctrl_spincollection_init
                0x0000075a        0xe src/ASF/common/services/gfx_mono/gfx_mono_spinctrl.o
                0x0000075a                gfx_mono_spinctrl_spincollection_init
 .text.gfx_mono_spinctrl_spincollection_add_spinner
                0x00000768       0x66 src/ASF/common/services/gfx_mono/gfx_mono_spinctrl.o
                0x00000768                gfx_mono_spinctrl_spincollection_add_spinner
 .text.gfx_mono_spinctrl_spincollection_show
                0x000007ce       0x58 src/ASF/common/services/gfx_mono/gfx_mono_spinctrl.o
                0x000007ce                gfx_mono_spinctrl_spincollection_show
 .text.gfx_mono_spinctrl_process_key
                0x00000826      0x150 src/ASF/common/services/gfx_mono/gfx_mono_spinctrl.o
                0x00000826                gfx_mono_spinctrl_process_key
 .text.gfx_mono_spinctrl_spincollection_process_key
                0x00000976      0x1ce src/ASF/common/services/gfx_mono/gfx_mono_spinctrl.o
                0x00000976                gfx_mono_spinctrl_spincollection_process_key
 .text.gfx_mono_draw_char
                0x00000b44       0xba src/ASF/common/services/gfx_mono/gfx_mono_text.o
                0x00000b44                gfx_mono_draw_char
 .text.gfx_mono_draw_string
                0x00000bfe       0x52 src/ASF/common/services/gfx_mono/gfx_mono_text.o
                0x00000bfe                gfx_mono_draw_string
 .text.gfx_mono_draw_progmem_string
                0x00000c50       0x5e src/ASF/common/services/gfx_mono/gfx_mono_text.o
                0x00000c50                gfx_mono_draw_progmem_string
 .text.gfx_mono_get_string_bounding_box
                0x00000cae       0x3e src/ASF/common/services/gfx_mono/gfx_mono_text.o
                0x00000cae                gfx_mono_get_string_bounding_box
 .text.ssd1306_write_command
                0x00000cec       0x4a src/ASF/common/components/display/ssd1306/ssd1306.o
 .text.ssd1306_init
                0x00000d36       0xd6 src/ASF/common/components/display/ssd1306/ssd1306.o
                0x00000d36                ssd1306_init
 .text.sysclk_init
                0x00000e0c       0x6a src/ASF/common/services/clock/xmega/sysclk.o
                0x00000e0c                sysclk_init
 .text.sysclk_enable_module
                0x00000e76       0x2c src/ASF/common/services/clock/xmega/sysclk.o
                0x00000e76                sysclk_enable_module
 .text.gfx_mono_set_framebuffer
                0x00000ea2        0xa src/ASF/common/services/gfx_mono/gfx_mono_framebuffer.o
                0x00000ea2                gfx_mono_set_framebuffer
 .text.gfx_mono_framebuffer_put_page
                0x00000eac       0x28 src/ASF/common/services/gfx_mono/gfx_mono_framebuffer.o
                0x00000eac                gfx_mono_framebuffer_put_page
 .text.gfx_mono_framebuffer_put_byte
                0x00000ed4       0x1c src/ASF/common/services/gfx_mono/gfx_mono_framebuffer.o
                0x00000ed4                gfx_mono_framebuffer_put_byte
 .text.gfx_mono_framebuffer_get_byte
                0x00000ef0       0x1c src/ASF/common/services/gfx_mono/gfx_mono_framebuffer.o
                0x00000ef0                gfx_mono_framebuffer_get_byte
 .text.gfx_mono_generic_draw_horizontal_line
                0x00000f0c       0xdc src/ASF/common/services/gfx_mono/gfx_mono_generic.o
                0x00000f0c                gfx_mono_generic_draw_horizontal_line
 .text.gfx_mono_generic_draw_filled_rect
                0x00000fe8       0x34 src/ASF/common/services/gfx_mono/gfx_mono_generic.o
                0x00000fe8                gfx_mono_generic_draw_filled_rect
 .text.gfx_mono_generic_put_bitmap
                0x0000101c       0xda src/ASF/common/services/gfx_mono/gfx_mono_generic.o
                0x0000101c                gfx_mono_generic_put_bitmap
 .text.ssd1306_write_command
                0x000010f6       0x4a src/ASF/common/services/gfx_mono/gfx_mono_ug_2832hsweg04.o
 .text.gfx_mono_ssd1306_put_page
                0x00001140       0xbc src/ASF/common/services/gfx_mono/gfx_mono_ug_2832hsweg04.o
                0x00001140                gfx_mono_ssd1306_put_page
 .text.gfx_mono_ssd1306_put_byte
                0x000011fc       0x82 src/ASF/common/services/gfx_mono/gfx_mono_ug_2832hsweg04.o
                0x000011fc                gfx_mono_ssd1306_put_byte
 .text.gfx_mono_ssd1306_init
                0x0000127e       0x34 src/ASF/common/services/gfx_mono/gfx_mono_ug_2832hsweg04.o
                0x0000127e                gfx_mono_ssd1306_init
 .text.gfx_mono_ssd1306_draw_pixel
                0x000012b2       0x7e src/ASF/common/services/gfx_mono/gfx_mono_ug_2832hsweg04.o
                0x000012b2                gfx_mono_ssd1306_draw_pixel
 .text.gfx_mono_ssd1306_get_byte
                0x00001330        0x4 src/ASF/common/services/gfx_mono/gfx_mono_ug_2832hsweg04.o
                0x00001330                gfx_mono_ssd1306_get_byte
 .text.ioport_configure_port_pin
                0x00001334       0x50 src/ASF/common/services/ioport/xmega/ioport_compat.o
                0x00001334                ioport_configure_port_pin
 .text.spi_master_init
                0x00001384       0x58 src/ASF/common/services/spi/xmega_spi/spi_master.o
                0x00001384                spi_master_init
 .text.spi_master_setup_device
                0x000013dc       0x3c src/ASF/common/services/spi/xmega_spi/spi_master.o
                0x000013dc                spi_master_setup_device
 .text.spi_select_device
                0x00001418       0x2c src/ASF/common/services/spi/xmega_spi/spi_master.o
                0x00001418                spi_select_device
 .text.spi_deselect_device
                0x00001444       0x2c src/ASF/common/services/spi/xmega_spi/spi_master.o
                0x00001444                spi_deselect_device
 .text.board_init
                0x00001470       0x86 src/ASF/xmega/boards/xmega_a1u_xplained_pro/board_init.o
                0x00001470                board_init
 .text.ccp_write_io
                0x000014f6        0xc src/ASF/xmega/drivers/cpu/ccp.o
                0x000014f6                ccp_write_io
 .text.spi_xmega_set_baud_div
                0x00001502       0x8e src/ASF/xmega/drivers/spi/spi.o
                0x00001502                spi_xmega_set_baud_div
 .text.__vector_100
                0x00001590       0xb0 src/example1.o
                0x00001590                __vector_100
 .text.__vector_66
                0x00001640       0xb0 src/example1.o
                0x00001640                __vector_66
 .text.__vector_67
                0x000016f0       0xba src/example1.o
                0x000016f0                __vector_67
 .text.show_spinctrl_result
                0x000017aa       0xb8 src/example1.o
                0x000017aa                show_spinctrl_result
 .text.main     0x00001862       0xfa src/example1.o
                0x00001862                main
 .text.libgcc.div
                0x0000195c       0x44 d:/atmel/studio/7.0/toolchain/avr8/avr8-gnu-toolchain/bin/../lib/gcc/avr/4.9.2/avrxmega7\libgcc.a(_udivmodsi4.o)
                0x0000195c                __udivmodsi4
 .text.avr-libc
                0x000019a0       0x6c d:/atmel/studio/7.0/toolchain/avr8/avr8-gnu-toolchain/bin/../lib/gcc/avr/4.9.2/../../../../avr/lib/avrxmega7\libc.a(snprintf.o)
                0x000019a0                snprintf
 .text.avr-libc
                0x00001a0c       0x52 d:/atmel/studio/7.0/toolchain/avr8/avr8-gnu-toolchain/bin/../lib/gcc/avr/4.9.2/../../../../avr/lib/avrxmega7\libc.a(sprintf.o)
                0x00001a0c                sprintf
 .text.avr-libc
                0x00001a5e      0x3d0 d:/atmel/studio/7.0/toolchain/avr8/avr8-gnu-toolchain/bin/../lib/gcc/avr/4.9.2/../../../../avr/lib/avrxmega7\libc.a(vfprintf_std.o)
                0x00001a5e                vfprintf
 .text.avr-libc
                0x00001e2e       0x16 d:/atmel/studio/7.0/toolchain/avr8/avr8-gnu-toolchain/bin/../lib/gcc/avr/4.9.2/../../../../avr/lib/avrxmega7\libc.a(strnlen_P.o)
                0x00001e2e                strnlen_P
 .text.avr-libc
                0x00001e44       0x16 d:/atmel/studio/7.0/toolchain/avr8/avr8-gnu-toolchain/bin/../lib/gcc/avr/4.9.2/../../../../avr/lib/avrxmega7\libc.a(strnlen.o)
                0x00001e44                strnlen
 .text.avr-libc
                0x00001e5a       0x70 d:/atmel/studio/7.0/toolchain/avr8/avr8-gnu-toolchain/bin/../lib/gcc/avr/4.9.2/../../../../avr/lib/avrxmega7\libc.a(fputc.o)
                0x00001e5a                fputc
 .text.avr-libc
                0x00001eca       0xbc d:/atmel/studio/7.0/toolchain/avr8/avr8-gnu-toolchain/bin/../lib/gcc/avr/4.9.2/../../../../avr/lib/avrxmega7\libc.a(ultoa_invert.o)
                0x00001eca                __ultoa_invert
                0x00001f86                . = ALIGN (0x2)
 *(.fini9)
 .fini9         0x00001f86        0x0 d:/atmel/studio/7.0/toolchain/avr8/avr8-gnu-toolchain/bin/../lib/gcc/avr/4.9.2/avrxmega7\libgcc.a(_exit.o)
                0x00001f86                _exit
                0x00001f86                exit
 *(.fini9)
 *(.fini8)
 *(.fini8)
 *(.fini7)
 *(.fini7)
 *(.fini6)
 *(.fini6)
 *(.fini5)
 *(.fini5)
 *(.fini4)
 *(.fini4)
 *(.fini3)
 *(.fini3)
 *(.fini2)
 *(.fini2)
 *(.fini1)
 *(.fini1)
 *(.fini0)
 .fini0         0x00001f86        0x4 d:/atmel/studio/7.0/toolchain/avr8/avr8-gnu-toolchain/bin/../lib/gcc/avr/4.9.2/avrxmega7\libgcc.a(_exit.o)
 *(.fini0)
                0x00001f8a                _etext = .

.data           0x00802000       0x30 load address 0x00001f8a
                0x00802000                PROVIDE (__data_start, .)
 *(.data)
 *(.data*)
 .data.gfx_mono_spinctrl_bitmap_indicator
                0x00802000        0x5 src/ASF/common/services/gfx_mono/gfx_mono_spinctrl.o
                0x00802000                gfx_mono_spinctrl_bitmap_indicator
 .data.gfx_mono_spinctrl_bitmap_spin_indicator
                0x00802005        0x5 src/ASF/common/services/gfx_mono/gfx_mono_spinctrl.o
                0x00802005                gfx_mono_spinctrl_bitmap_spin_indicator
 .data.sysfont  0x0080200a        0x7 src/ASF/common/services/gfx_mono/sysfont.o
                0x0080200a                sysfont
 .data.spinner_choicestrings
                0x00802011        0x8 src/example1.o
                0x00802011                spinner_choicestrings
 *(.rodata)
 *(.rodata*)
 .rodata.str1.1
                0x00802019        0x0 src/ASF/common/services/gfx_mono/gfx_mono_spinctrl.o
                                  0x3 (size before relaxing)
 .rodata.str1.1
                0x00802019       0x16 src/example1.o
 *(.gnu.linkonce.d*)
                0x00802030                . = ALIGN (0x2)
 *fill*         0x0080202f        0x1 
                0x00802030                _edata = .
                0x00802030                PROVIDE (__data_end, .)

.bss            0x00802030      0x213
                0x00802030                PROVIDE (__bss_start, .)
 *(.bss)
 *(.bss*)
 .bss.fbpointer
                0x00802030        0x2 src/ASF/common/services/gfx_mono/gfx_mono_framebuffer.o
 .bss.framebuffer
                0x00802032      0x200 src/ASF/common/services/gfx_mono/gfx_mono_ug_2832hsweg04.o
 .bss.results   0x00802232        0x6 src/example1.o
 .bss.spinners  0x00802238        0xa src/example1.o
 .bss.show_result
                0x00802242        0x1 src/example1.o
 *(COMMON)
                0x00802243                PROVIDE (__bss_end, .)
                0x00001f8a                __data_load_start = LOADADDR (.data)
                0x00001fba                __data_load_end = (__data_load_start + SIZEOF (.data))

.noinit         0x00802243        0x0
                [!provide]                PROVIDE (__noinit_start, .)
 *(.noinit*)
                [!provide]                PROVIDE (__noinit_end, .)
                0x00802243                _end = .
                [!provide]                PROVIDE (__heap_start, .)

.eeprom         0x00810000        0x0
 *(.eeprom*)
                0x00810000                __eeprom_end = .

.fuse
 *(.fuse)
 *(.lfuse)
 *(.hfuse)
 *(.efuse)

.lock
 *(.lock*)

.signature
 *(.signature*)

.user_signatures
 *(.user_signatures*)

.stab
 *(.stab)

.stabstr
 *(.stabstr)

.stab.excl
 *(.stab.excl)

.stab.exclstr
 *(.stab.exclstr)

.stab.index
 *(.stab.index)

.stab.indexstr
 *(.stab.indexstr)

.comment        0x00000000       0x5c
 *(.comment)
 .comment       0x00000000       0x30 src/ASF/common/services/gfx_mono/gfx_mono_spinctrl.o
                                 0x31 (size before relaxing)
 .comment       0x00000030       0x31 src/ASF/common/services/gfx_mono/gfx_mono_text.o
 .comment       0x00000030       0x31 src/ASF/common/services/gfx_mono/sysfont.o
 .comment       0x00000030       0x31 src/ASF/common/components/display/ssd1306/ssd1306.o
 .comment       0x00000030       0x31 src/ASF/common/services/clock/xmega/sysclk.o
 .comment       0x00000030       0x31 src/ASF/common/services/gfx_mono/gfx_mono_framebuffer.o
 .comment       0x00000030       0x31 src/ASF/common/services/gfx_mono/gfx_mono_generic.o
 .comment       0x00000030       0x31 src/ASF/common/services/gfx_mono/gfx_mono_ug_2832hsweg04.o
 .comment       0x00000030       0x31 src/ASF/common/services/ioport/xmega/ioport_compat.o
 .comment       0x00000030       0x31 src/ASF/common/services/spi/xmega_spi/spi_master.o
 .comment       0x00000030       0x31 src/ASF/xmega/boards/xmega_a1u_xplained_pro/board_init.o
 .comment       0x00000030       0x31 src/ASF/xmega/drivers/spi/spi.o
 .comment       0x00000030       0x31 src/example1.o
 .comment       0x00000030       0x31 d:/atmel/studio/7.0/toolchain/avr8/avr8-gnu-toolchain/bin/../lib/gcc/avr/4.9.2/../../../../avr/lib/avrxmega7\libc.a(snprintf.o)
 .comment       0x00000030       0x31 d:/atmel/studio/7.0/toolchain/avr8/avr8-gnu-toolchain/bin/../lib/gcc/avr/4.9.2/../../../../avr/lib/avrxmega7\libc.a(sprintf.o)
 .comment       0x00000030       0x2c d:/atmel/studio/7.0/toolchain/avr8/avr8-gnu-toolchain/bin/../lib/gcc/avr/4.9.2/../../../../avr/lib/avrxmega7\libc.a(vfprintf_std.o)
                                 0x2d (size before relaxing)
 .comment       0x0000005c       0x31 d:/atmel/studio/7.0/toolchain/avr8/avr8-gnu-toolchain/bin/../lib/gcc/avr/4.9.2/../../../../avr/lib/avrxmega7\libc.a(fputc.o)

.note.gnu.avr.deviceinfo
                0x00000000       0x40
 .note.gnu.avr.deviceinfo
                0x00000000       0x40 D:/Atmel/Studio/7.0/Packs/atmel/XMEGAA_DFP/1.0.39/gcc/dev/atxmega128a1u/avrxmega7/crtatxmega128a1u.o

.note.gnu.build-id
 *(.note.gnu.build-id)

.debug
 *(.debug)

.line
 *(.line)

.debug_srcinfo
 *(.debug_srcinfo)

.debug_sfnames
 *(.debug_sfnames)

.debug_aranges  0x00000000      0x348
 *(.debug_aranges)
 .debug_aranges
                0x00000000       0x60 src/ASF/common/services/gfx_mono/gfx_mono_spinctrl.o
 .debug_aranges
                0x00000060       0x40 src/ASF/common/services/gfx_mono/gfx_mono_text.o
 .debug_aranges
                0x000000a0       0x18 src/ASF/common/services/gfx_mono/sysfont.o
 .debug_aranges
                0x000000b8       0x30 src/ASF/common/components/display/ssd1306/ssd1306.o
 .debug_aranges
                0x000000e8       0x40 src/ASF/common/services/clock/xmega/sysclk.o
 .debug_aranges
                0x00000128       0x58 src/ASF/common/services/gfx_mono/gfx_mono_framebuffer.o
 .debug_aranges
                0x00000180       0x58 src/ASF/common/services/gfx_mono/gfx_mono_generic.o
 .debug_aranges
                0x000001d8       0x68 src/ASF/common/services/gfx_mono/gfx_mono_ug_2832hsweg04.o
 .debug_aranges
                0x00000240       0x20 src/ASF/common/services/ioport/xmega/ioport_compat.o
 .debug_aranges
                0x00000260       0x48 src/ASF/common/services/spi/xmega_spi/spi_master.o
 .debug_aranges
                0x000002a8       0x20 src/ASF/xmega/boards/xmega_a1u_xplained_pro/board_init.o
 .debug_aranges
                0x000002c8       0x20 src/ASF/xmega/drivers/cpu/ccp.o
 .debug_aranges
                0x000002e8       0x20 src/ASF/xmega/drivers/spi/spi.o
 .debug_aranges
                0x00000308       0x40 src/example1.o

.debug_pubnames
 *(.debug_pubnames)

.debug_info     0x00000000     0x72ad
 *(.debug_info .gnu.linkonce.wi.*)
 .debug_info    0x00000000      0xdec src/ASF/common/services/gfx_mono/gfx_mono_spinctrl.o
 .debug_info    0x00000dec      0x6ec src/ASF/common/services/gfx_mono/gfx_mono_text.o
 .debug_info    0x000014d8      0x168 src/ASF/common/services/gfx_mono/sysfont.o
 .debug_info    0x00001640      0xd03 src/ASF/common/components/display/ssd1306/ssd1306.o
 .debug_info    0x00002343      0x832 src/ASF/common/services/clock/xmega/sysclk.o
 .debug_info    0x00002b75      0x470 src/ASF/common/services/gfx_mono/gfx_mono_framebuffer.o
 .debug_info    0x00002fe5      0xc2b src/ASF/common/services/gfx_mono/gfx_mono_generic.o
 .debug_info    0x00003c10     0x1064 src/ASF/common/services/gfx_mono/gfx_mono_ug_2832hsweg04.o
 .debug_info    0x00004c74      0x11d src/ASF/common/services/ioport/xmega/ioport_compat.o
 .debug_info    0x00004d91      0xbb4 src/ASF/common/services/spi/xmega_spi/spi_master.o
 .debug_info    0x00005945      0x663 src/ASF/xmega/boards/xmega_a1u_xplained_pro/board_init.o
 .debug_info    0x00005fa8       0x80 src/ASF/xmega/drivers/cpu/ccp.o
 .debug_info    0x00006028      0x1b9 src/ASF/xmega/drivers/spi/spi.o
 .debug_info    0x000061e1     0x10cc src/example1.o

.debug_abbrev   0x00000000     0x1a80
 *(.debug_abbrev)
 .debug_abbrev  0x00000000      0x2b9 src/ASF/common/services/gfx_mono/gfx_mono_spinctrl.o
 .debug_abbrev  0x000002b9      0x212 src/ASF/common/services/gfx_mono/gfx_mono_text.o
 .debug_abbrev  0x000004cb       0xd7 src/ASF/common/services/gfx_mono/sysfont.o
 .debug_abbrev  0x000005a2      0x2fe src/ASF/common/components/display/ssd1306/ssd1306.o
 .debug_abbrev  0x000008a0      0x284 src/ASF/common/services/clock/xmega/sysclk.o
 .debug_abbrev  0x00000b24      0x183 src/ASF/common/services/gfx_mono/gfx_mono_framebuffer.o
 .debug_abbrev  0x00000ca7      0x1b7 src/ASF/common/services/gfx_mono/gfx_mono_generic.o
 .debug_abbrev  0x00000e5e      0x37a src/ASF/common/services/gfx_mono/gfx_mono_ug_2832hsweg04.o
 .debug_abbrev  0x000011d8       0x93 src/ASF/common/services/ioport/xmega/ioport_compat.o
 .debug_abbrev  0x0000126b      0x29c src/ASF/common/services/spi/xmega_spi/spi_master.o
 .debug_abbrev  0x00001507      0x160 src/ASF/xmega/boards/xmega_a1u_xplained_pro/board_init.o
 .debug_abbrev  0x00001667       0x14 src/ASF/xmega/drivers/cpu/ccp.o
 .debug_abbrev  0x0000167b       0xf6 src/ASF/xmega/drivers/spi/spi.o
 .debug_abbrev  0x00001771      0x30f src/example1.o

.debug_line     0x00000000     0x6af0
 *(.debug_line .debug_line.* .debug_line_end)
 .debug_line    0x00000000      0xca3 src/ASF/common/services/gfx_mono/gfx_mono_spinctrl.o
 .debug_line    0x00000ca3      0x954 src/ASF/common/services/gfx_mono/gfx_mono_text.o
 .debug_line    0x000015f7      0x75c src/ASF/common/services/gfx_mono/sysfont.o
 .debug_line    0x00001d53      0x8b3 src/ASF/common/components/display/ssd1306/ssd1306.o
 .debug_line    0x00002606      0x66f src/ASF/common/services/clock/xmega/sysclk.o
 .debug_line    0x00002c75      0x8d6 src/ASF/common/services/gfx_mono/gfx_mono_framebuffer.o
 .debug_line    0x0000354b      0xbc9 src/ASF/common/services/gfx_mono/gfx_mono_generic.o
 .debug_line    0x00004114      0xa63 src/ASF/common/services/gfx_mono/gfx_mono_ug_2832hsweg04.o
 .debug_line    0x00004b77      0x463 src/ASF/common/services/ioport/xmega/ioport_compat.o
 .debug_line    0x00004fda      0x74f src/ASF/common/services/spi/xmega_spi/spi_master.o
 .debug_line    0x00005729      0x49a src/ASF/xmega/boards/xmega_a1u_xplained_pro/board_init.o
 .debug_line    0x00005bc3       0x6e src/ASF/xmega/drivers/cpu/ccp.o
 .debug_line    0x00005c31      0x4a7 src/ASF/xmega/drivers/spi/spi.o
 .debug_line    0x000060d8      0xa18 src/example1.o

.debug_frame    0x00000000      0xb08
 *(.debug_frame)
 .debug_frame   0x00000000      0x178 src/ASF/common/services/gfx_mono/gfx_mono_spinctrl.o
 .debug_frame   0x00000178      0x100 src/ASF/common/services/gfx_mono/gfx_mono_text.o
 .debug_frame   0x00000278       0xd0 src/ASF/common/components/display/ssd1306/ssd1306.o
 .debug_frame   0x00000348       0xa4 src/ASF/common/services/clock/xmega/sysclk.o
 .debug_frame   0x000003ec       0xd0 src/ASF/common/services/gfx_mono/gfx_mono_framebuffer.o
 .debug_frame   0x000004bc      0x21c src/ASF/common/services/gfx_mono/gfx_mono_generic.o
 .debug_frame   0x000006d8      0x184 src/ASF/common/services/gfx_mono/gfx_mono_ug_2832hsweg04.o
 .debug_frame   0x0000085c       0x30 src/ASF/common/services/ioport/xmega/ioport_compat.o
 .debug_frame   0x0000088c       0xa4 src/ASF/common/services/spi/xmega_spi/spi_master.o
 .debug_frame   0x00000930       0x24 src/ASF/xmega/boards/xmega_a1u_xplained_pro/board_init.o
 .debug_frame   0x00000954       0x4c src/ASF/xmega/drivers/spi/spi.o
 .debug_frame   0x000009a0      0x168 src/example1.o

.debug_str      0x00000000    0x310e9
 *(.debug_str)
 .debug_str     0x00000000    0x2f7ba src/ASF/common/services/gfx_mono/gfx_mono_spinctrl.o
                              0x2ff10 (size before relaxing)
 .debug_str     0x0002f7ba      0x1bf src/ASF/common/services/gfx_mono/gfx_mono_text.o
                              0x2e363 (size before relaxing)
 .debug_str     0x0002f979       0x3d src/ASF/common/services/gfx_mono/sysfont.o
                              0x2f1f0 (size before relaxing)
 .debug_str     0x0002f9b6      0x46b src/ASF/common/components/display/ssd1306/ssd1306.o
                              0x2dd66 (size before relaxing)
 .debug_str     0x0002fe21      0x39b src/ASF/common/services/clock/xmega/sysclk.o
                              0x2cbb7 (size before relaxing)
 .debug_str     0x000301bc      0x1a2 src/ASF/common/services/gfx_mono/gfx_mono_framebuffer.o
                              0x2e2c2 (size before relaxing)
 .debug_str     0x0003035e      0x1b9 src/ASF/common/services/gfx_mono/gfx_mono_generic.o
                              0x2e3c4 (size before relaxing)
 .debug_str     0x00030517      0x127 src/ASF/common/services/gfx_mono/gfx_mono_ug_2832hsweg04.o
                              0x2e806 (size before relaxing)
 .debug_str     0x0003063e       0xab src/ASF/common/services/ioport/xmega/ioport_compat.o
                              0x2a11c (size before relaxing)
 .debug_str     0x000306e9      0x201 src/ASF/common/services/spi/xmega_spi/spi_master.o
                              0x2d464 (size before relaxing)
 .debug_str     0x000308ea       0x5c src/ASF/xmega/boards/xmega_a1u_xplained_pro/board_init.o
                              0x2c491 (size before relaxing)
 .debug_str     0x00030946       0xba src/ASF/xmega/drivers/spi/spi.o
                              0x2a19b (size before relaxing)
 .debug_str     0x00030a00      0x6e9 src/example1.o
                              0x306b2 (size before relaxing)

.debug_loc      0x00000000     0x47ec
 *(.debug_loc)
 .debug_loc     0x00000000      0x97d src/ASF/common/services/gfx_mono/gfx_mono_spinctrl.o
 .debug_loc     0x0000097d      0x997 src/ASF/common/services/gfx_mono/gfx_mono_text.o
 .debug_loc     0x00001314      0x371 src/ASF/common/components/display/ssd1306/ssd1306.o
 .debug_loc     0x00001685      0x2ff src/ASF/common/services/clock/xmega/sysclk.o
 .debug_loc     0x00001984      0x62c src/ASF/common/services/gfx_mono/gfx_mono_framebuffer.o
 .debug_loc     0x00001fb0     0x1193 src/ASF/common/services/gfx_mono/gfx_mono_generic.o
 .debug_loc     0x00003143      0xabb src/ASF/common/services/gfx_mono/gfx_mono_ug_2832hsweg04.o
 .debug_loc     0x00003bfe       0x66 src/ASF/common/services/ioport/xmega/ioport_compat.o
 .debug_loc     0x00003c64      0x531 src/ASF/common/services/spi/xmega_spi/spi_master.o
 .debug_loc     0x00004195      0x105 src/ASF/xmega/drivers/spi/spi.o
 .debug_loc     0x0000429a      0x552 src/example1.o

.debug_macinfo
 *(.debug_macinfo)

.debug_weaknames
 *(.debug_weaknames)

.debug_funcnames
 *(.debug_funcnames)

.debug_typenames
 *(.debug_typenames)

.debug_varnames
 *(.debug_varnames)

.debug_pubtypes
 *(.debug_pubtypes)

.debug_ranges   0x00000000      0x2b0
 *(.debug_ranges)
 .debug_ranges  0x00000000       0x50 src/ASF/common/services/gfx_mono/gfx_mono_spinctrl.o
 .debug_ranges  0x00000050       0x30 src/ASF/common/services/gfx_mono/gfx_mono_text.o
 .debug_ranges  0x00000080       0x50 src/ASF/common/components/display/ssd1306/ssd1306.o
 .debug_ranges  0x000000d0       0x30 src/ASF/common/services/clock/xmega/sysclk.o
 .debug_ranges  0x00000100       0x48 src/ASF/common/services/gfx_mono/gfx_mono_framebuffer.o
 .debug_ranges  0x00000148       0x48 src/ASF/common/services/gfx_mono/gfx_mono_generic.o
 .debug_ranges  0x00000190       0x88 src/ASF/common/services/gfx_mono/gfx_mono_ug_2832hsweg04.o
 .debug_ranges  0x00000218       0x10 src/ASF/common/services/ioport/xmega/ioport_compat.o
 .debug_ranges  0x00000228       0x38 src/ASF/common/services/spi/xmega_spi/spi_master.o
 .debug_ranges  0x00000260       0x10 src/ASF/xmega/boards/xmega_a1u_xplained_pro/board_init.o
 .debug_ranges  0x00000270       0x10 src/ASF/xmega/drivers/spi/spi.o
 .debug_ranges  0x00000280       0x30 src/example1.o

.debug_macro    0x00000000     0x282a
 *(.debug_macro)
 .debug_macro   0x00000000      0x309 src/ASF/common/services/gfx_mono/gfx_mono_spinctrl.o
 .debug_macro   0x00000309       0x58 src/ASF/common/services/gfx_mono/gfx_mono_spinctrl.o
 .debug_macro   0x00000361       0x10 src/ASF/common/services/gfx_mono/gfx_mono_spinctrl.o
 .debug_macro   0x00000371       0xf2 src/ASF/common/services/gfx_mono/gfx_mono_spinctrl.o
 .debug_macro   0x00000463       0x46 src/ASF/common/services/gfx_mono/gfx_mono_spinctrl.o
 .debug_macro   0x000004a9       0x39 src/ASF/common/services/gfx_mono/gfx_mono_spinctrl.o
 .debug_macro   0x000004e2      0x2d3 src/ASF/common/services/gfx_mono/gfx_mono_text.o
 .debug_macro   0x000007b5      0x2fc src/ASF/common/services/gfx_mono/gfx_mono_text.o
 .debug_macro   0x00000ab1       0xaa src/ASF/common/services/gfx_mono/gfx_mono_text.o
 .debug_macro   0x00000b5b      0x2d9 src/ASF/common/services/gfx_mono/sysfont.o
 .debug_macro   0x00000e34       0x3a src/ASF/common/services/gfx_mono/sysfont.o
 .debug_macro   0x00000e6e      0x27d src/ASF/common/components/display/ssd1306/ssd1306.o
 .debug_macro   0x000010eb      0x1ea src/ASF/common/services/clock/xmega/sysclk.o
 .debug_macro   0x000012d5       0x26 src/ASF/common/services/clock/xmega/sysclk.o
 .debug_macro   0x000012fb      0x2ac src/ASF/common/services/gfx_mono/gfx_mono_framebuffer.o
 .debug_macro   0x000015a7      0x2ac src/ASF/common/services/gfx_mono/gfx_mono_generic.o
 .debug_macro   0x00001853      0x2b8 src/ASF/common/services/gfx_mono/gfx_mono_ug_2832hsweg04.o
 .debug_macro   0x00001b0b      0x193 src/ASF/common/services/ioport/xmega/ioport_compat.o
 .debug_macro   0x00001c9e      0x234 src/ASF/common/services/spi/xmega_spi/spi_master.o
 .debug_macro   0x00001ed2      0x1bb src/ASF/xmega/boards/xmega_a1u_xplained_pro/board_init.o
 .debug_macro   0x0000208d      0x2a4 src/ASF/xmega/boards/xmega_a1u_xplained_pro/board_init.o
 .debug_macro   0x00002331      0x1a7 src/ASF/xmega/drivers/spi/spi.o
 .debug_macro   0x000024d8      0x33c src/example1.o
 .debug_macro   0x00002814       0x16 src/example1.o
OUTPUT(GFX_MONO_EXAMPLE11.elf elf32-avr)
LOAD linker stubs

.BOOT           0x00020000        0x0
